bits_32: complete=True target line=False
bits_8: complete=True target line=False
chain_3: complete=True target line=False
cubic_critical: complete=True target line=False
cubic_regular: complete=True target line=False
iszero_0: complete=True target line=False
iszero_7: complete=True target line=False
mimc_1: complete=True target line=False
mimc_2: complete=True target line=False
scalar_0_forged: complete=True target line=False
scalar_0_honest: complete=True target line=True
scalar_0_zero_decomp: complete=True target line=True
scalar_12345_forged: complete=True target line=False
scalar_12345_honest: complete=True target line=False
scalar_12345_zero_decomp: complete=True target line=False
scalar_1_forged: complete=True target line=False
scalar_1_honest: complete=True target line=False
scalar_1_zero_decomp: complete=True target line=False
scalar_54321_forged: complete=True target line=False
scalar_54321_honest: complete=True target line=False
scalar_54321_zero_decomp: complete=True target line=False
