bits_32 rank 34 target_dim 0 free 0 line 0
bits_8 rank 10 target_dim 0 free 0 line 0
chain_120 rank 39602 target_dim 0 free 0 line 0
chain_20 rank 6602 target_dim 0 free 0 line 0
chain_200 rank 66002 target_dim 0 free 0 line 0
chain_3 rank 992 target_dim 0 free 0 line 0
chain_60 rank 19802 target_dim 0 free 0 line 0
cubic_critical rank 4 target_dim 1 free 1 line 0
cubic_regular rank 5 target_dim 0 free 0 line 0
iszero_0 rank 4 target_dim 0 free 0 line 0
iszero_7 rank 5 target_dim 0 free 0 line 0
mimc_1 rank 333 target_dim 0 free 0 line 0
mimc_2 rank 663 target_dim 1 free 2 line 0
scalar_0_forged rank 2398 target_dim 2 free 2 line 0
scalar_0_honest rank 2398 target_dim 2 free 2 line 0
scalar_0_zero_decomp rank 2398 target_dim 2 free 2 line 0
scalar_12345_forged rank 2398 target_dim 2 free 2 line 0
scalar_12345_honest rank 2400 target_dim 0 free 0 line 0
scalar_12345_zero_decomp rank 2398 target_dim 2 free 2 line 0
scalar_1_forged rank 2398 target_dim 2 free 2 line 0
scalar_1_honest rank 2400 target_dim 0 free 0 line 0
scalar_1_zero_decomp rank 2398 target_dim 2 free 2 line 0
scalar_54321_forged rank 2398 target_dim 2 free 2 line 0
scalar_54321_honest rank 2400 target_dim 0 free 0 line 0
scalar_54321_zero_decomp rank 2398 target_dim 2 free 2 line 0
